// Jest Snapshot v1, https://goo.gl/fbAQLP

exports[`TESTING GlobalSearchModalItems WHEN the component is rendered for snapshot testing THEN it should match the snapshot 1`] = `
<DocumentFragment>
  <div
    class="flex flex-col gap-2 h-[500px] max-h-[500px] overflow-y-auto py-16 p-8 justify-center items-center"
    data-testid="search-items-noRecent-container"
  >
    <span
      class="text-new-highlight text-lg"
    >
      No recent searches
    </span>
  </div>
</DocumentFragment>
`;
